[0;34m=========================================[0m
[0;34m  启动 Wintool 后端 (Spring Boot)[0m
[0;34m=========================================[0m

[0;32m[INFO][0m Java 版本: openjdk version "17.0.18" 2026-01-20
[0;32m[INFO][0m Maven 版本: Apache Maven 3.9.16 (2bdd9fddda4b155ebf8000e807eb73fd829a51d5)

[0;32m[INFO][0m 启动后端服务...
[0;32m[INFO][0m 访问地址: http://localhost:8080
[0;32m[INFO][0m API 文档: http://localhost:8080/swagger-ui.html
[0;34m=========================================[0m

[0;32m[INFO][0m 开发模式：使用 Maven 启动
[INFO] Scanning for projects...
[INFO] 
[INFO] --------------------< com.wintool:wintool-backend >---------------------
[INFO] Building wintool-backend 1.0.0
[INFO]   from pom.xml
[INFO] --------------------------------[ jar ]---------------------------------
[INFO] 
[INFO] >>> spring-boot:2.7.18:run (default-cli) > test-compile @ wintool-backend >>>
[WARNING] The artifact mysql:mysql-connector-java:jar:8.0.33 has been relocated to com.mysql:mysql-connector-j:jar:8.0.33: MySQL Connector/J artifacts moved to reverse-DNS compliant Maven 2+ coordinates.
[INFO] 
[INFO] --- resources:3.2.0:resources (default-resources) @ wintool-backend ---
[INFO] Using 'UTF-8' encoding to copy filtered resources.
[INFO] Using 'UTF-8' encoding to copy filtered properties files.
[INFO] Copying 1 resource
[INFO] Copying 0 resource
[INFO] 
[INFO] --- compiler:3.10.1:compile (default-compile) @ wintool-backend ---
[INFO] Changes detected - recompiling the module!
[INFO] Compiling 8 source files to /Users/ian/workdir/wintool/backend/wintool-backend/target/classes
[INFO] 
[INFO] --- resources:3.2.0:testResources (default-testResources) @ wintool-backend ---
[INFO] Using 'UTF-8' encoding to copy filtered resources.
[INFO] Using 'UTF-8' encoding to copy filtered properties files.
[INFO] skip non existing resourceDirectory /Users/ian/workdir/wintool/backend/wintool-backend/src/test/resources
[INFO] 
[INFO] --- compiler:3.10.1:testCompile (default-testCompile) @ wintool-backend ---
[INFO] Changes detected - recompiling the module!
[INFO] Compiling 1 source file to /Users/ian/workdir/wintool/backend/wintool-backend/target/test-classes
[INFO] 
[INFO] <<< spring-boot:2.7.18:run (default-cli) < test-compile @ wintool-backend <<<
[INFO] 
[INFO] 
[INFO] --- spring-boot:2.7.18:run (default-cli) @ wintool-backend ---
[INFO] Attaching agents: []
10:44:56.703 [Thread-0] DEBUG org.springframework.boot.devtools.restart.classloader.RestartClassLoader - Created RestartClassLoader org.springframework.boot.devtools.restart.classloader.RestartClassLoader@6fa56340

  .   ____          _            __ _ _
 /\\ / ___'_ __ _ _(_)_ __  __ _ \ \ \ \
( ( )\___ | '_ | '_| | '_ \/ _` | \ \ \ \
 \\/  ___)| |_)| | | | | || (_| |  ) ) ) )
  '  |____| .__|_| |_|_| |_\__, | / / / /
 =========|_|==============|___/=/_/_/_/
 :: Spring Boot ::               (v2.7.18)

2026-06-23 10:44:57 [restartedMain] INFO  com.wintool.WintoolApplication - Starting WintoolApplication using Java 17.0.18 on iandeMacBook-Pro.local with PID 14930 (/Users/ian/workdir/wintool/backend/wintool-backend/target/classes started by ian in /Users/ian/workdir/wintool/backend/wintool-backend)
2026-06-23 10:44:57 [restartedMain] DEBUG com.wintool.WintoolApplication - Running with Spring Boot v2.7.18, Spring v5.3.31
2026-06-23 10:44:57 [restartedMain] INFO  com.wintool.WintoolApplication - No active profile set, falling back to 1 default profile: "default"
2026-06-23 10:44:57 [restartedMain] INFO  o.s.b.d.e.DevToolsPropertyDefaultsPostProcessor - Devtools property defaults active! Set 'spring.devtools.add-properties' to 'false' to disable
2026-06-23 10:44:57 [restartedMain] INFO  o.s.b.d.e.DevToolsPropertyDefaultsPostProcessor - For additional web related logging consider setting the 'logging.level.web' property to 'DEBUG'
2026-06-23 10:44:57 [restartedMain] WARN  o.m.s.mapper.ClassPathMapperScanner - No MyBatis mapper was found in '[com.wintool]' package. Please check your configuration.
2026-06-23 10:44:58 [restartedMain] INFO  o.s.b.w.e.tomcat.TomcatWebServer - Tomcat initialized with port(s): 8080 (http)
2026-06-23 10:44:58 [restartedMain] INFO  o.a.catalina.core.StandardService - Starting service [Tomcat]
2026-06-23 10:44:58 [restartedMain] INFO  o.a.catalina.core.StandardEngine - Starting Servlet engine: [Apache Tomcat/9.0.83]
2026-06-23 10:44:58 [restartedMain] INFO  o.a.c.c.C.[Tomcat].[localhost].[/] - Initializing Spring embedded WebApplicationContext
2026-06-23 10:44:58 [restartedMain] INFO  o.s.b.w.s.c.ServletWebServerApplicationContext - Root WebApplicationContext: initialization completed in 1351 ms
2026-06-23 10:44:58 [restartedMain] INFO  com.zaxxer.hikari.HikariDataSource - HikariPool-1 - Starting...
2026-06-23 10:44:58 [restartedMain] INFO  com.zaxxer.hikari.HikariDataSource - HikariPool-1 - Start completed.
2026-06-23 10:44:58 [restartedMain] INFO  o.s.b.a.h.H2ConsoleAutoConfiguration - H2 console available at '/h2-console'. Database available at 'jdbc:h2:mem:wintool'
2026-06-23 10:44:58 [restartedMain] INFO  c.wintool.service.CodeSnippetService - 从文件加载了 2 个代码片段
2026-06-23 10:44:58 [restartedMain] INFO  c.wintool.service.CodeSnippetService - 代码片段服务初始化完成，加载了 2 个片段
Logging initialized using 'class org.apache.ibatis.logging.stdout.StdOutImpl' adapter.
Property 'mapperLocations' was not specified.
 _ _   |_  _ _|_. ___ _ |    _ 
| | |\/|_)(_| | |_\  |_)||_|_\ 
     /               |         
                        3.5.3.1 
2026-06-23 10:44:59 [restartedMain] INFO  o.s.b.d.a.OptionalLiveReloadServer - LiveReload server is running on port 35729
2026-06-23 10:44:59 [restartedMain] INFO  o.s.b.w.e.tomcat.TomcatWebServer - Tomcat started on port(s): 8080 (http) with context path ''
2026-06-23 10:44:59 [restartedMain] INFO  com.wintool.WintoolApplication - Started WintoolApplication in 3.179 seconds (JVM running for 3.621)

========================================
  Wintool Backend 启动成功！
  访问地址: http://localhost:8080
  API 文档: http://localhost:8080/swagger-ui.html
========================================

2026-06-23 10:45:21 [http-nio-8080-exec-1] INFO  o.a.c.c.C.[Tomcat].[localhost].[/] - Initializing Spring DispatcherServlet 'dispatcherServlet'
2026-06-23 10:45:21 [http-nio-8080-exec-1] INFO  o.s.web.servlet.DispatcherServlet - Initializing Servlet 'dispatcherServlet'
2026-06-23 10:45:21 [http-nio-8080-exec-1] INFO  o.s.web.servlet.DispatcherServlet - Completed initialization in 1 ms
2026-06-23 10:45:21 [http-nio-8080-exec-1] INFO  c.w.controller.CodeSnippetController - 获取所有代码片段，总数: 2
2026-06-23 10:47:50 [http-nio-8080-exec-4] DEBUG c.wintool.service.CodeSnippetService - 保存 3 个代码片段到文件
2026-06-23 10:47:50 [http-nio-8080-exec-4] INFO  c.wintool.service.CodeSnippetService - 创建代码片段: 子网查询全部集群子网
2026-06-23 10:47:50 [http-nio-8080-exec-5] INFO  c.w.controller.CodeSnippetController - 获取所有代码片段，总数: 3
2026-06-23 10:59:06 [http-nio-8080-exec-7] INFO  c.w.controller.CodeSnippetController - 获取所有代码片段，总数: 3
2026-06-23 10:59:55 [HikariPool-1 housekeeper] WARN  com.zaxxer.hikari.pool.HikariPool - HikariPool-1 - Thread starvation or clock leap detected (housekeeper delta=56s462ms).
2026-06-23 11:04:00 [HikariPool-1 housekeeper] WARN  com.zaxxer.hikari.pool.HikariPool - HikariPool-1 - Thread starvation or clock leap detected (housekeeper delta=4m5s307ms).
2026-06-23 11:33:06 [http-nio-8080-exec-9] INFO  c.w.controller.CodeSnippetController - 获取所有代码片段，总数: 3
2026-06-23 11:34:27 [HikariPool-1 housekeeper] WARN  com.zaxxer.hikari.pool.HikariPool - HikariPool-1 - Thread starvation or clock leap detected (housekeeper delta=56s542ms).
2026-06-23 12:03:37 [HikariPool-1 housekeeper] WARN  com.zaxxer.hikari.pool.HikariPool - HikariPool-1 - Thread starvation or clock leap detected (housekeeper delta=29m9s768ms).
2026-06-23 12:21:26 [HikariPool-1 housekeeper] WARN  com.zaxxer.hikari.pool.HikariPool - HikariPool-1 - Thread starvation or clock leap detected (housekeeper delta=17m19s917ms).
2026-06-23 13:33:03 [HikariPool-1 housekeeper] WARN  com.zaxxer.hikari.pool.HikariPool - HikariPool-1 - Thread starvation or clock leap detected (housekeeper delta=22m35s911ms).
2026-06-23 13:41:53 [HikariPool-1 housekeeper] WARN  com.zaxxer.hikari.pool.HikariPool - HikariPool-1 - Thread starvation or clock leap detected (housekeeper delta=8m20s470ms).
2026-06-23 15:00:14 [http-nio-8080-exec-1] INFO  c.w.controller.CodeSnippetController - 获取所有代码片段，总数: 3
2026-06-23 15:01:21 [HikariPool-1 housekeeper] WARN  com.zaxxer.hikari.pool.HikariPool - HikariPool-1 - Thread starvation or clock leap detected (housekeeper delta=56s639ms).
2026-06-23 15:07:56 [HikariPool-1 housekeeper] WARN  com.zaxxer.hikari.pool.HikariPool - HikariPool-1 - Thread starvation or clock leap detected (housekeeper delta=6m34s996ms).
2026-06-23 15:53:32 [http-nio-8080-exec-3] INFO  c.w.controller.CodeSnippetController - 获取所有代码片段，总数: 3
2026-06-23 15:54:23 [HikariPool-1 housekeeper] WARN  com.zaxxer.hikari.pool.HikariPool - HikariPool-1 - Thread starvation or clock leap detected (housekeeper delta=56s984ms).
2026-06-23 15:56:07 [HikariPool-1 housekeeper] WARN  com.zaxxer.hikari.pool.HikariPool - HikariPool-1 - Thread starvation or clock leap detected (housekeeper delta=1m13s749ms).
2026-06-23 17:49:57 [http-nio-8080-exec-5] INFO  c.w.controller.CodeSnippetController - 获取所有代码片段，总数: 3
2026-06-23 17:51:04 [HikariPool-1 housekeeper] WARN  com.zaxxer.hikari.pool.HikariPool - HikariPool-1 - Thread starvation or clock leap detected (housekeeper delta=56s768ms).
2026-06-23 17:51:57 [http-nio-8080-exec-7] INFO  c.w.controller.CodeSnippetController - 获取所有代码片段，总数: 3
2026-06-23 17:52:31 [HikariPool-1 housekeeper] WARN  com.zaxxer.hikari.pool.HikariPool - HikariPool-1 - Thread starvation or clock leap detected (housekeeper delta=56s254ms).
2026-06-23 17:56:53 [HikariPool-1 housekeeper] WARN  com.zaxxer.hikari.pool.HikariPool - HikariPool-1 - Thread starvation or clock leap detected (housekeeper delta=3m52s591ms).
2026-06-23 18:20:49 [HikariPool-1 housekeeper] WARN  com.zaxxer.hikari.pool.HikariPool - HikariPool-1 - Thread starvation or clock leap detected (housekeeper delta=23m25s190ms).
2026-06-23 18:37:25 [HikariPool-1 housekeeper] WARN  com.zaxxer.hikari.pool.HikariPool - HikariPool-1 - Thread starvation or clock leap detected (housekeeper delta=16m6s949ms).
2026-06-23 18:54:25 [HikariPool-1 housekeeper] WARN  com.zaxxer.hikari.pool.HikariPool - HikariPool-1 - Thread starvation or clock leap detected (housekeeper delta=16m29s185ms).
2026-06-23 19:19:57 [http-nio-8080-exec-9] INFO  c.w.controller.CodeSnippetController - 获取所有代码片段，总数: 3
2026-06-23 19:20:52 [HikariPool-1 housekeeper] WARN  com.zaxxer.hikari.pool.HikariPool - HikariPool-1 - Thread starvation or clock leap detected (housekeeper delta=57s119ms).
2026-06-23 19:50:30 [HikariPool-1 housekeeper] WARN  com.zaxxer.hikari.pool.HikariPool - HikariPool-1 - Thread starvation or clock leap detected (housekeeper delta=29m8s357ms).
2026-06-23 20:08:20 [HikariPool-1 housekeeper] WARN  com.zaxxer.hikari.pool.HikariPool - HikariPool-1 - Thread starvation or clock leap detected (housekeeper delta=17m19s914ms).
2026-06-23 20:23:40 [HikariPool-1 housekeeper] WARN  com.zaxxer.hikari.pool.HikariPool - HikariPool-1 - Thread starvation or clock leap detected (housekeeper delta=15m20s42ms).
2026-06-23 20:30:58 [http-nio-8080-exec-1] INFO  c.w.controller.CodeSnippetController - 获取所有代码片段，总数: 3
2026-06-23 20:32:00 [HikariPool-1 housekeeper] WARN  com.zaxxer.hikari.pool.HikariPool - HikariPool-1 - Thread starvation or clock leap detected (housekeeper delta=49s560ms).
2026-06-23 20:32:55 [HikariPool-1 housekeeper] WARN  com.zaxxer.hikari.pool.HikariPool - HikariPool-1 - Thread starvation or clock leap detected (housekeeper delta=55s402ms).
2026-06-23 21:01:26 [HikariPool-1 housekeeper] WARN  com.zaxxer.hikari.pool.HikariPool - HikariPool-1 - Thread starvation or clock leap detected (housekeeper delta=28m491ms).
2026-06-23 23:32:24 [HikariPool-1 housekeeper] WARN  com.zaxxer.hikari.pool.HikariPool - HikariPool-1 - Thread starvation or clock leap detected (housekeeper delta=16m56s47ms).
2026-06-24 00:32:14 [HikariPool-1 housekeeper] WARN  com.zaxxer.hikari.pool.HikariPool - HikariPool-1 - Thread starvation or clock leap detected (housekeeper delta=59m50s718ms).
2026-06-24 01:33:24 [HikariPool-1 housekeeper] WARN  com.zaxxer.hikari.pool.HikariPool - HikariPool-1 - Thread starvation or clock leap detected (housekeeper delta=1h40s30ms).
2026-06-24 01:45:23 [HikariPool-1 housekeeper] WARN  com.zaxxer.hikari.pool.HikariPool - HikariPool-1 - Thread starvation or clock leap detected (housekeeper delta=11m28s985ms).
2026-06-24 02:03:13 [HikariPool-1 housekeeper] WARN  com.zaxxer.hikari.pool.HikariPool - HikariPool-1 - Thread starvation or clock leap detected (housekeeper delta=17m49s590ms).
2026-06-24 05:03:41 [HikariPool-1 housekeeper] WARN  com.zaxxer.hikari.pool.HikariPool - HikariPool-1 - Thread starvation or clock leap detected (housekeeper delta=2h27s192ms).
2026-06-24 06:01:05 [HikariPool-1 housekeeper] WARN  com.zaxxer.hikari.pool.HikariPool - HikariPool-1 - Thread starvation or clock leap detected (housekeeper delta=57m24s57ms).
2026-06-24 07:51:15 [HikariPool-1 housekeeper] WARN  com.zaxxer.hikari.pool.HikariPool - HikariPool-1 - Thread starvation or clock leap detected (housekeeper delta=1h49m40s228ms).
2026-06-24 08:02:22 [HikariPool-1 housekeeper] WARN  com.zaxxer.hikari.pool.HikariPool - HikariPool-1 - Thread starvation or clock leap detected (housekeeper delta=10m36s618ms).
2026-06-24 08:46:27 [HikariPool-1 housekeeper] WARN  com.zaxxer.hikari.pool.HikariPool - HikariPool-1 - Thread starvation or clock leap detected (housekeeper delta=44m5s176ms).
2026-06-24 08:47:27 [HikariPool-1 housekeeper] WARN  com.zaxxer.hikari.pool.HikariPool - HikariPool-1 - Retrograde clock change detected (housekeeper delta=29s831ms), soft-evicting connections from pool.
2026-06-24 09:04:04 [http-nio-8080-exec-3] INFO  c.w.controller.CodeSnippetController - 获取所有代码片段，总数: 3
2026-06-24 09:10:27 [HikariPool-1 housekeeper] WARN  com.zaxxer.hikari.pool.HikariPool - HikariPool-1 - Thread starvation or clock leap detected (housekeeper delta=6m29s659ms).
2026-06-24 09:49:40 [http-nio-8080-exec-5] INFO  c.w.controller.CodeSnippetController - 获取所有代码片段，总数: 3
2026-06-24 09:58:30 [HikariPool-1 housekeeper] WARN  com.zaxxer.hikari.pool.HikariPool - HikariPool-1 - Thread starvation or clock leap detected (housekeeper delta=8m33s129ms).
2026-06-24 10:20:02 [HikariPool-1 housekeeper] WARN  com.zaxxer.hikari.pool.HikariPool - HikariPool-1 - Thread starvation or clock leap detected (housekeeper delta=21m32s535ms).
2026-06-24 10:36:32 [HikariPool-1 housekeeper] WARN  com.zaxxer.hikari.pool.HikariPool - HikariPool-1 - Thread starvation or clock leap detected (housekeeper delta=59s773ms).
2026-06-24 10:46:39 [http-nio-8080-exec-7] INFO  c.w.controller.CodeSnippetController - 获取所有代码片段，总数: 3
2026-06-24 10:54:53 [HikariPool-1 housekeeper] WARN  com.zaxxer.hikari.pool.HikariPool - HikariPool-1 - Thread starvation or clock leap detected (housekeeper delta=8m21s194ms).
2026-06-24 11:30:47 [http-nio-8080-exec-9] INFO  c.w.controller.CodeSnippetController - 获取所有代码片段，总数: 3
2026-06-24 12:01:20 [HikariPool-1 housekeeper] WARN  com.zaxxer.hikari.pool.HikariPool - HikariPool-1 - Thread starvation or clock leap detected (housekeeper delta=30m26s416ms).
2026-06-24 12:48:18 [HikariPool-1 housekeeper] WARN  com.zaxxer.hikari.pool.HikariPool - HikariPool-1 - Thread starvation or clock leap detected (housekeeper delta=30m27s606ms).
2026-06-24 13:26:57 [HikariPool-1 housekeeper] WARN  com.zaxxer.hikari.pool.HikariPool - HikariPool-1 - Thread starvation or clock leap detected (housekeeper delta=13m38s649ms).
2026-06-24 13:43:25 [HikariPool-1 housekeeper] WARN  com.zaxxer.hikari.pool.HikariPool - HikariPool-1 - Thread starvation or clock leap detected (housekeeper delta=16m27s925ms).
2026-06-24 14:44:05 [http-nio-8080-exec-1] INFO  c.w.controller.CodeSnippetController - 获取所有代码片段，总数: 3
2026-06-24 14:55:13 [HikariPool-1 housekeeper] WARN  com.zaxxer.hikari.pool.HikariPool - HikariPool-1 - Thread starvation or clock leap detected (housekeeper delta=11m17s534ms).
2026-06-24 15:50:16 [http-nio-8080-exec-3] INFO  c.w.controller.CodeSnippetController - 获取所有代码片段，总数: 3
2026-06-24 15:52:50 [HikariPool-1 housekeeper] WARN  com.zaxxer.hikari.pool.HikariPool - HikariPool-1 - Thread starvation or clock leap detected (housekeeper delta=2m37s350ms).
2026-06-24 16:20:50 [HikariPool-1 housekeeper] WARN  com.zaxxer.hikari.pool.HikariPool - HikariPool-1 - Retrograde clock change detected (housekeeper delta=29s840ms), soft-evicting connections from pool.
2026-06-24 16:21:57 [http-nio-8080-exec-5] INFO  c.w.controller.CodeSnippetController - 获取所有代码片段，总数: 3
2026-06-24 16:32:36 [http-nio-8080-exec-7] INFO  c.w.controller.CodeSnippetController - 获取所有代码片段，总数: 3
2026-06-24 16:59:35 [HikariPool-1 housekeeper] WARN  com.zaxxer.hikari.pool.HikariPool - HikariPool-1 - Thread starvation or clock leap detected (housekeeper delta=5m14s237ms).
2026-06-24 17:10:05 [HikariPool-1 housekeeper] WARN  com.zaxxer.hikari.pool.HikariPool - HikariPool-1 - Retrograde clock change detected (housekeeper delta=29s856ms), soft-evicting connections from pool.
