[0;34m=========================================[0m
[0;34m  启动 Wintool 后端 (Spring Boot)[0m
[0;34m=========================================[0m

[0;32m[INFO][0m Java 版本: openjdk version "17.0.18" 2026-01-20
[0;32m[INFO][0m Maven 版本: Apache Maven 3.9.16 (2bdd9fddda4b155ebf8000e807eb73fd829a51d5)

[0;32m[INFO][0m 启动后端服务...
[0;32m[INFO][0m 访问地址: http://localhost:8080
[0;32m[INFO][0m API 文档: http://localhost:8080/swagger-ui.html
[0;34m=========================================[0m

[0;32m[INFO][0m 开发模式：使用 Maven 启动
[INFO] Scanning for projects...
[INFO] 
[INFO] --------------------< com.wintool:wintool-backend >---------------------
[INFO] Building wintool-backend 1.0.0
[INFO]   from pom.xml
[INFO] --------------------------------[ jar ]---------------------------------
[INFO] 
[INFO] >>> spring-boot:2.7.18:run (default-cli) > test-compile @ wintool-backend >>>
[WARNING] The artifact mysql:mysql-connector-java:jar:8.0.33 has been relocated to com.mysql:mysql-connector-j:jar:8.0.33: MySQL Connector/J artifacts moved to reverse-DNS compliant Maven 2+ coordinates.
[INFO] 
[INFO] --- resources:3.2.0:resources (default-resources) @ wintool-backend ---
[INFO] Using 'UTF-8' encoding to copy filtered resources.
[INFO] Using 'UTF-8' encoding to copy filtered properties files.
[INFO] Copying 1 resource
[INFO] Copying 0 resource
[INFO] 
[INFO] --- compiler:3.10.1:compile (default-compile) @ wintool-backend ---
[INFO] Changes detected - recompiling the module!
[INFO] Compiling 9 source files to /Users/ian/workdir/wintool/backend/wintool-backend/target/classes
[INFO] 
[INFO] --- resources:3.2.0:testResources (default-testResources) @ wintool-backend ---
[INFO] Using 'UTF-8' encoding to copy filtered resources.
[INFO] Using 'UTF-8' encoding to copy filtered properties files.
[INFO] skip non existing resourceDirectory /Users/ian/workdir/wintool/backend/wintool-backend/src/test/resources
[INFO] 
[INFO] --- compiler:3.10.1:testCompile (default-testCompile) @ wintool-backend ---
[INFO] Changes detected - recompiling the module!
[INFO] Compiling 1 source file to /Users/ian/workdir/wintool/backend/wintool-backend/target/test-classes
[INFO] 
[INFO] <<< spring-boot:2.7.18:run (default-cli) < test-compile @ wintool-backend <<<
[INFO] 
[INFO] 
[INFO] --- spring-boot:2.7.18:run (default-cli) @ wintool-backend ---
[INFO] Attaching agents: []
15:55:55.354 [Thread-0] DEBUG org.springframework.boot.devtools.restart.classloader.RestartClassLoader - Created RestartClassLoader org.springframework.boot.devtools.restart.classloader.RestartClassLoader@4b9fa45a

  .   ____          _            __ _ _
 /\\ / ___'_ __ _ _(_)_ __  __ _ \ \ \ \
( ( )\___ | '_ | '_| | '_ \/ _` | \ \ \ \
 \\/  ___)| |_)| | | | | || (_| |  ) ) ) )
  '  |____| .__|_| |_|_| |_\__, | / / / /
 =========|_|==============|___/=/_/_/_/
 :: Spring Boot ::               (v2.7.18)

2026-07-02 15:55:55 [restartedMain] INFO  com.wintool.WintoolApplication - Starting WintoolApplication using Java 17.0.18 on iandeMacBook-Pro.local with PID 52570 (/Users/ian/workdir/wintool/backend/wintool-backend/target/classes started by ian in /Users/ian/workdir/wintool/backend/wintool-backend)
2026-07-02 15:55:55 [restartedMain] DEBUG com.wintool.WintoolApplication - Running with Spring Boot v2.7.18, Spring v5.3.31
2026-07-02 15:55:55 [restartedMain] INFO  com.wintool.WintoolApplication - No active profile set, falling back to 1 default profile: "default"
2026-07-02 15:55:55 [restartedMain] INFO  o.s.b.d.e.DevToolsPropertyDefaultsPostProcessor - Devtools property defaults active! Set 'spring.devtools.add-properties' to 'false' to disable
2026-07-02 15:55:55 [restartedMain] INFO  o.s.b.d.e.DevToolsPropertyDefaultsPostProcessor - For additional web related logging consider setting the 'logging.level.web' property to 'DEBUG'
2026-07-02 15:55:56 [restartedMain] WARN  o.m.s.mapper.ClassPathMapperScanner - No MyBatis mapper was found in '[com.wintool]' package. Please check your configuration.
2026-07-02 15:55:56 [restartedMain] INFO  o.s.b.w.e.tomcat.TomcatWebServer - Tomcat initialized with port(s): 8080 (http)
2026-07-02 15:55:56 [restartedMain] INFO  o.a.catalina.core.StandardService - Starting service [Tomcat]
2026-07-02 15:55:56 [restartedMain] INFO  o.a.catalina.core.StandardEngine - Starting Servlet engine: [Apache Tomcat/9.0.83]
2026-07-02 15:55:57 [restartedMain] INFO  o.a.c.c.C.[Tomcat].[localhost].[/] - Initializing Spring embedded WebApplicationContext
2026-07-02 15:55:57 [restartedMain] INFO  o.s.b.w.s.c.ServletWebServerApplicationContext - Root WebApplicationContext: initialization completed in 1289 ms
2026-07-02 15:55:57 [restartedMain] INFO  com.zaxxer.hikari.HikariDataSource - HikariPool-1 - Starting...
2026-07-02 15:55:57 [restartedMain] INFO  com.zaxxer.hikari.HikariDataSource - HikariPool-1 - Start completed.
2026-07-02 15:55:57 [restartedMain] INFO  o.s.b.a.h.H2ConsoleAutoConfiguration - H2 console available at '/h2-console'. Database available at 'jdbc:h2:mem:wintool'
2026-07-02 15:55:57 [restartedMain] INFO  c.wintool.service.CodeSnippetService - 从文件加载了 5 个代码片段
2026-07-02 15:55:57 [restartedMain] INFO  c.wintool.service.CodeSnippetService - 代码片段服务初始化完成，加载了 5 个片段
Logging initialized using 'class org.apache.ibatis.logging.stdout.StdOutImpl' adapter.
Property 'mapperLocations' was not specified.
 _ _   |_  _ _|_. ___ _ |    _ 
| | |\/|_)(_| | |_\  |_)||_|_\ 
     /               |         
                        3.5.3.1 
2026-07-02 15:55:57 [restartedMain] WARN  o.s.b.d.a.OptionalLiveReloadServer - Unable to start LiveReload server
2026-07-02 15:55:57 [restartedMain] WARN  o.s.b.w.s.c.AnnotationConfigServletWebServerApplicationContext - Exception encountered during context initialization - cancelling refresh attempt: org.springframework.context.ApplicationContextException: Failed to start bean 'webServerStartStop'; nested exception is org.springframework.boot.web.server.PortInUseException: Port 8080 is already in use
2026-07-02 15:55:57 [restartedMain] WARN  o.s.b.f.s.DisposableBeanAdapter - Invocation of destroy method failed on bean with name 'inMemoryDatabaseShutdownExecutor': org.h2.jdbc.JdbcSQLNonTransientConnectionException: Database is already closed (to disable automatic closing at VM shutdown, add ";DB_CLOSE_ON_EXIT=FALSE" to the db URL) [90121-214]
2026-07-02 15:55:57 [restartedMain] INFO  com.zaxxer.hikari.HikariDataSource - HikariPool-1 - Shutdown initiated...
2026-07-02 15:55:57 [restartedMain] INFO  com.zaxxer.hikari.HikariDataSource - HikariPool-1 - Shutdown completed.
2026-07-02 15:55:57 [restartedMain] INFO  o.a.catalina.core.StandardService - Stopping service [Tomcat]
2026-07-02 15:55:58 [restartedMain] INFO  o.s.b.a.l.ConditionEvaluationReportLoggingListener - 

Error starting ApplicationContext. To display the conditions report re-run your application with 'debug' enabled.
2026-07-02 15:55:58 [restartedMain] ERROR o.s.b.d.LoggingFailureAnalysisReporter - 

***************************
APPLICATION FAILED TO START
***************************

Description:

Web server failed to start. Port 8080 was already in use.

Action:

Identify and stop the process that's listening on port 8080 or configure this application to listen on another port.

[INFO] ------------------------------------------------------------------------
[INFO] BUILD SUCCESS
[INFO] ------------------------------------------------------------------------
[INFO] Total time:  6.287 s
[INFO] Finished at: 2026-07-02T15:55:58+08:00
[INFO] ------------------------------------------------------------------------
