[0;34m=========================================[0m
[0;34m  启动 Wintool Legacy 版本[0m
[0;34m=========================================[0m

[0;32m[INFO][0m 切换到 legacy 目录...
[0;32m[INFO][0m 执行 legacy 启动脚本...
[0;34m=========================================[0m
[0;34m  Wintool 统一启动脚本[0m
[0;34m=========================================[0m

[0;32m[INFO][0m 停止已有进程 (PID: 5760
5762)...
[0;32m[INFO][0m 使用系统 Python3: /usr/bin/python3
[0;32m[INFO][0m 检查依赖...
[0;32m[INFO][0m 依赖检查通过
[0;32m[INFO][0m 启动 Wintool (端口: 5001)...
[0;32m[INFO][0m 等待服务启动...

[0;34m=========================================[0m
[0;34m  ✓ Wintool 启动成功！[0m
[0;34m=========================================[0m
[0;32m[INFO][0m 访问地址: http://127.0.0.1:5001
[0;32m[INFO][0m 日志文件: /tmp/wintool.log
[0;32m[INFO][0m 进程 PID: 20842
[0;34m=========================================[0m

